[debug] [2026-08-13T05:37:05.587Z] > command requires scopes: ["email","openid","https://www.googleapis.com/auth/cloudplatformprojects.readonly","https://www.googleapis.com/auth/firebase","https://www.googleapis.com/auth/cloud-platform"]
[debug] [2026-08-13T05:37:05.588Z] > authorizing via signed-in user (chikaosro@gmail.com)
[debug] [2026-08-13T05:37:05.588Z] > command requires scopes: ["email","openid","https://www.googleapis.com/auth/cloudplatformprojects.readonly","https://www.googleapis.com/auth/firebase","https://www.googleapis.com/auth/cloud-platform"]
[debug] [2026-08-13T05:37:05.588Z] > authorizing via signed-in user (chikaosro@gmail.com)
[debug] [2026-08-13T05:37:05.589Z] Checked if tokens are valid: false, expires at: 1786560880401
[debug] [2026-08-13T05:37:05.589Z] Checked if tokens are valid: false, expires at: 1786560880401
[debug] [2026-08-13T05:37:05.589Z] > refreshing access token with scopes: []
[debug] [2026-08-13T05:37:05.589Z] >>> [apiv2][query] POST https://www.googleapis.com/oauth2/v3/token [none]
[debug] [2026-08-13T05:37:05.589Z] >>> [apiv2][body] POST https://www.googleapis.com/oauth2/v3/token [omitted]
[debug] [2026-08-13T05:37:05.590Z] Checked if tokens are valid: false, expires at: 1786560880401
[debug] [2026-08-13T05:37:05.590Z] Checked if tokens are valid: false, expires at: 1786560880401
[debug] [2026-08-13T05:37:05.590Z] > refreshing access token with scopes: []
[debug] [2026-08-13T05:37:05.590Z] >>> [apiv2][query] POST https://www.googleapis.com/oauth2/v3/token [none]
[debug] [2026-08-13T05:37:05.590Z] >>> [apiv2][body] POST https://www.googleapis.com/oauth2/v3/token [omitted]
[debug] [2026-08-13T05:37:05.590Z] > command requires scopes: ["email","openid","https://www.googleapis.com/auth/cloudplatformprojects.readonly","https://www.googleapis.com/auth/firebase","https://www.googleapis.com/auth/cloud-platform"]
[debug] [2026-08-13T05:37:05.590Z] > authorizing via signed-in user (chikaosro@gmail.com)
[debug] [2026-08-13T05:37:05.590Z] Checked if tokens are valid: false, expires at: 1786560880401
[debug] [2026-08-13T05:37:05.590Z] Checked if tokens are valid: false, expires at: 1786560880401
[debug] [2026-08-13T05:37:05.590Z] > refreshing access token with scopes: []
[debug] [2026-08-13T05:37:05.590Z] >>> [apiv2][query] POST https://www.googleapis.com/oauth2/v3/token [none]
[debug] [2026-08-13T05:37:05.590Z] >>> [apiv2][body] POST https://www.googleapis.com/oauth2/v3/token [omitted]
[debug] [2026-08-13T05:37:05.707Z] <<< [apiv2][status] POST https://www.googleapis.com/oauth2/v3/token 200
[debug] [2026-08-13T05:37:05.707Z] <<< [apiv2][body] POST https://www.googleapis.com/oauth2/v3/token [omitted]
[debug] [2026-08-13T05:37:05.723Z] >>> [apiv2][query] GET https://cloudbilling.googleapis.com/v1/projects/streek-dev/billingInfo [none]
[debug] [2026-08-13T05:37:05.725Z] <<< [apiv2][status] POST https://www.googleapis.com/oauth2/v3/token 200
[debug] [2026-08-13T05:37:05.725Z] <<< [apiv2][body] POST https://www.googleapis.com/oauth2/v3/token [omitted]
[debug] [2026-08-13T05:37:05.737Z] >>> [apiv2][query] GET https://cloudbilling.googleapis.com/v1/projects/streek-dev/billingInfo [none]
[debug] [2026-08-13T05:37:05.737Z] <<< [apiv2][status] POST https://www.googleapis.com/oauth2/v3/token 200
[debug] [2026-08-13T05:37:05.737Z] <<< [apiv2][body] POST https://www.googleapis.com/oauth2/v3/token [omitted]
[debug] [2026-08-13T05:37:05.748Z] >>> [apiv2][query] GET https://cloudbilling.googleapis.com/v1/projects/streek-dev/billingInfo [none]
[debug] [2026-08-13T05:37:05.909Z] <<< [apiv2][status] GET https://cloudbilling.googleapis.com/v1/projects/streek-dev/billingInfo 200
[debug] [2026-08-13T05:37:05.909Z] <<< [apiv2][body] GET https://cloudbilling.googleapis.com/v1/projects/streek-dev/billingInfo {"name":"projects/streek-dev/billingInfo","projectId":"streek-dev","billingAccountName":"","billingEnabled":false}
[debug] [2026-08-13T05:37:05.915Z] Checked if tokens are valid: true, expires at: 1786603024737
[debug] [2026-08-13T05:37:05.915Z] Checked if tokens are valid: true, expires at: 1786603024737
[debug] [2026-08-13T05:37:05.924Z] Checked if tokens are valid: true, expires at: 1786603024737
[debug] [2026-08-13T05:37:05.924Z] Checked if tokens are valid: true, expires at: 1786603024737
[debug] [2026-08-13T05:37:05.924Z] Checked if tokens are valid: true, expires at: 1786603024737
[debug] [2026-08-13T05:37:05.925Z] Checked if tokens are valid: true, expires at: 1786603024737
[debug] [2026-08-13T05:37:05.925Z] >>> [apiv2][query] GET https://serviceusage.googleapis.com/v1/projects/streek-dev/services/firestore.googleapis.com [none]
[debug] [2026-08-13T05:37:05.925Z] >>> [apiv2][(partial)header] GET https://serviceusage.googleapis.com/v1/projects/streek-dev/services/firestore.googleapis.com x-goog-quota-user=projects/streek-dev
[debug] [2026-08-13T05:37:05.926Z] >>> [apiv2][query] GET https://serviceusage.googleapis.com/v1/projects/streek-dev/services/firebaseapphosting.googleapis.com [none]
[debug] [2026-08-13T05:37:05.926Z] >>> [apiv2][(partial)header] GET https://serviceusage.googleapis.com/v1/projects/streek-dev/services/firebaseapphosting.googleapis.com x-goog-quota-user=projects/streek-dev
[debug] [2026-08-13T05:37:05.927Z] >>> [apiv2][query] GET https://serviceusage.googleapis.com/v1/projects/streek-dev/services/firebaseio.com [none]
[debug] [2026-08-13T05:37:05.927Z] >>> [apiv2][(partial)header] GET https://serviceusage.googleapis.com/v1/projects/streek-dev/services/firebaseio.com x-goog-quota-user=projects/streek-dev
[debug] [2026-08-13T05:37:05.943Z] <<< [apiv2][status] GET https://cloudbilling.googleapis.com/v1/projects/streek-dev/billingInfo 200
[debug] [2026-08-13T05:37:05.943Z] <<< [apiv2][body] GET https://cloudbilling.googleapis.com/v1/projects/streek-dev/billingInfo {"name":"projects/streek-dev/billingInfo","projectId":"streek-dev","billingAccountName":"","billingEnabled":false}
[debug] [2026-08-13T05:37:05.943Z] Checked if tokens are valid: true, expires at: 1786603024737
[debug] [2026-08-13T05:37:05.943Z] Checked if tokens are valid: true, expires at: 1786603024737
[debug] [2026-08-13T05:37:05.945Z] Checked if tokens are valid: true, expires at: 1786603024737
[debug] [2026-08-13T05:37:05.945Z] Checked if tokens are valid: true, expires at: 1786603024737
[debug] [2026-08-13T05:37:05.945Z] Checked if tokens are valid: true, expires at: 1786603024737
[debug] [2026-08-13T05:37:05.945Z] Checked if tokens are valid: true, expires at: 1786603024737
[debug] [2026-08-13T05:37:05.945Z] >>> [apiv2][query] GET https://serviceusage.googleapis.com/v1/projects/streek-dev/services/firestore.googleapis.com [none]
[debug] [2026-08-13T05:37:05.945Z] >>> [apiv2][(partial)header] GET https://serviceusage.googleapis.com/v1/projects/streek-dev/services/firestore.googleapis.com x-goog-quota-user=projects/streek-dev
[debug] [2026-08-13T05:37:05.946Z] >>> [apiv2][query] GET https://serviceusage.googleapis.com/v1/projects/streek-dev/services/firebaseapphosting.googleapis.com [none]
[debug] [2026-08-13T05:37:05.946Z] >>> [apiv2][(partial)header] GET https://serviceusage.googleapis.com/v1/projects/streek-dev/services/firebaseapphosting.googleapis.com x-goog-quota-user=projects/streek-dev
[debug] [2026-08-13T05:37:05.946Z] >>> [apiv2][query] GET https://serviceusage.googleapis.com/v1/projects/streek-dev/services/firebaseio.com [none]
[debug] [2026-08-13T05:37:05.946Z] >>> [apiv2][(partial)header] GET https://serviceusage.googleapis.com/v1/projects/streek-dev/services/firebaseio.com x-goog-quota-user=projects/streek-dev
[debug] [2026-08-13T05:37:05.950Z] <<< [apiv2][status] GET https://cloudbilling.googleapis.com/v1/projects/streek-dev/billingInfo 200
[debug] [2026-08-13T05:37:05.950Z] <<< [apiv2][body] GET https://cloudbilling.googleapis.com/v1/projects/streek-dev/billingInfo {"name":"projects/streek-dev/billingInfo","projectId":"streek-dev","billingAccountName":"","billingEnabled":false}
[debug] [2026-08-13T05:37:05.951Z] Checked if tokens are valid: true, expires at: 1786603024737
[debug] [2026-08-13T05:37:05.951Z] Checked if tokens are valid: true, expires at: 1786603024737
[debug] [2026-08-13T05:37:05.952Z] Checked if tokens are valid: true, expires at: 1786603024737
[debug] [2026-08-13T05:37:05.952Z] Checked if tokens are valid: true, expires at: 1786603024737
[debug] [2026-08-13T05:37:05.952Z] Checked if tokens are valid: true, expires at: 1786603024737
[debug] [2026-08-13T05:37:05.952Z] Checked if tokens are valid: true, expires at: 1786603024737
[debug] [2026-08-13T05:37:05.952Z] >>> [apiv2][query] GET https://serviceusage.googleapis.com/v1/projects/streek-dev/services/firestore.googleapis.com [none]
[debug] [2026-08-13T05:37:05.952Z] >>> [apiv2][(partial)header] GET https://serviceusage.googleapis.com/v1/projects/streek-dev/services/firestore.googleapis.com x-goog-quota-user=projects/streek-dev
[debug] [2026-08-13T05:37:05.953Z] >>> [apiv2][query] GET https://serviceusage.googleapis.com/v1/projects/streek-dev/services/firebaseapphosting.googleapis.com [none]
[debug] [2026-08-13T05:37:05.953Z] >>> [apiv2][(partial)header] GET https://serviceusage.googleapis.com/v1/projects/streek-dev/services/firebaseapphosting.googleapis.com x-goog-quota-user=projects/streek-dev
[debug] [2026-08-13T05:37:05.953Z] >>> [apiv2][query] GET https://serviceusage.googleapis.com/v1/projects/streek-dev/services/firebaseio.com [none]
[debug] [2026-08-13T05:37:05.953Z] >>> [apiv2][(partial)header] GET https://serviceusage.googleapis.com/v1/projects/streek-dev/services/firebaseio.com x-goog-quota-user=projects/streek-dev
[debug] [2026-08-13T05:37:06.148Z] <<< [apiv2][status] GET https://serviceusage.googleapis.com/v1/projects/streek-dev/services/firestore.googleapis.com 403
[debug] [2026-08-13T05:37:06.148Z] <<< [apiv2][body] GET https://serviceusage.googleapis.com/v1/projects/streek-dev/services/firestore.googleapis.com [omitted]
[debug] [2026-08-13T05:37:06.155Z] <<< [apiv2][status] GET https://serviceusage.googleapis.com/v1/projects/streek-dev/services/firebaseapphosting.googleapis.com 403
[debug] [2026-08-13T05:37:06.155Z] <<< [apiv2][body] GET https://serviceusage.googleapis.com/v1/projects/streek-dev/services/firebaseapphosting.googleapis.com [omitted]
[debug] [2026-08-13T05:37:06.156Z] <<< [apiv2][status] GET https://serviceusage.googleapis.com/v1/projects/streek-dev/services/firestore.googleapis.com 403
[debug] [2026-08-13T05:37:06.156Z] <<< [apiv2][body] GET https://serviceusage.googleapis.com/v1/projects/streek-dev/services/firestore.googleapis.com [omitted]
[debug] [2026-08-13T05:37:06.156Z] <<< [apiv2][status] GET https://serviceusage.googleapis.com/v1/projects/streek-dev/services/firebaseapphosting.googleapis.com 403
[debug] [2026-08-13T05:37:06.156Z] <<< [apiv2][body] GET https://serviceusage.googleapis.com/v1/projects/streek-dev/services/firebaseapphosting.googleapis.com [omitted]
[debug] [2026-08-13T05:37:06.156Z] <<< [apiv2][status] GET https://serviceusage.googleapis.com/v1/projects/streek-dev/services/firestore.googleapis.com 403
[debug] [2026-08-13T05:37:06.156Z] <<< [apiv2][body] GET https://serviceusage.googleapis.com/v1/projects/streek-dev/services/firestore.googleapis.com [omitted]
[debug] [2026-08-13T05:37:06.157Z] <<< [apiv2][status] GET https://serviceusage.googleapis.com/v1/projects/streek-dev/services/firebaseapphosting.googleapis.com 403
[debug] [2026-08-13T05:37:06.157Z] <<< [apiv2][body] GET https://serviceusage.googleapis.com/v1/projects/streek-dev/services/firebaseapphosting.googleapis.com [omitted]
[debug] [2026-08-13T05:37:06.157Z] <<< [apiv2][status] GET https://serviceusage.googleapis.com/v1/projects/streek-dev/services/firebaseio.com 403
[debug] [2026-08-13T05:37:06.157Z] <<< [apiv2][body] GET https://serviceusage.googleapis.com/v1/projects/streek-dev/services/firebaseio.com [omitted]
[debug] [2026-08-13T05:37:06.157Z] <<< [apiv2][status] GET https://serviceusage.googleapis.com/v1/projects/streek-dev/services/firebaseio.com 403
[debug] [2026-08-13T05:37:06.157Z] <<< [apiv2][body] GET https://serviceusage.googleapis.com/v1/projects/streek-dev/services/firebaseio.com [omitted]
[debug] [2026-08-13T05:37:06.160Z] <<< [apiv2][status] GET https://serviceusage.googleapis.com/v1/projects/streek-dev/services/firebaseio.com 403
[debug] [2026-08-13T05:37:06.160Z] <<< [apiv2][body] GET https://serviceusage.googleapis.com/v1/projects/streek-dev/services/firebaseio.com [omitted]
[debug] [2026-08-13T05:37:06.202Z] > command requires scopes: ["email","openid","https://www.googleapis.com/auth/cloudplatformprojects.readonly","https://www.googleapis.com/auth/firebase","https://www.googleapis.com/auth/cloud-platform"]
[debug] [2026-08-13T05:37:06.204Z] > authorizing via signed-in user (chikaosro@gmail.com)
[debug] [2026-08-13T05:37:06.205Z] Checked if tokens are valid: true, expires at: 1786603024737
[debug] [2026-08-13T05:37:06.205Z] Checked if tokens are valid: true, expires at: 1786603024737
[debug] [2026-08-13T05:37:06.205Z] >>> [apiv2][query] GET https://cloudbilling.googleapis.com/v1/projects/streek-dev/billingInfo [none]
[debug] [2026-08-13T05:37:06.213Z] > command requires scopes: ["email","openid","https://www.googleapis.com/auth/cloudplatformprojects.readonly","https://www.googleapis.com/auth/firebase","https://www.googleapis.com/auth/cloud-platform"]
[debug] [2026-08-13T05:37:06.213Z] > authorizing via signed-in user (chikaosro@gmail.com)
[debug] [2026-08-13T05:37:06.213Z] Checked if tokens are valid: true, expires at: 1786603024737
[debug] [2026-08-13T05:37:06.213Z] Checked if tokens are valid: true, expires at: 1786603024737
[debug] [2026-08-13T05:37:06.213Z] >>> [apiv2][query] GET https://cloudbilling.googleapis.com/v1/projects/streek-dev/billingInfo [none]
[debug] [2026-08-13T05:37:06.286Z] <<< [apiv2][status] GET https://cloudbilling.googleapis.com/v1/projects/streek-dev/billingInfo 200
[debug] [2026-08-13T05:37:06.286Z] <<< [apiv2][body] GET https://cloudbilling.googleapis.com/v1/projects/streek-dev/billingInfo {"name":"projects/streek-dev/billingInfo","projectId":"streek-dev","billingAccountName":"","billingEnabled":false}
[debug] [2026-08-13T05:37:06.288Z] > command requires scopes: ["email","openid","https://www.googleapis.com/auth/cloudplatformprojects.readonly","https://www.googleapis.com/auth/firebase","https://www.googleapis.com/auth/cloud-platform"]
[debug] [2026-08-13T05:37:06.288Z] > authorizing via signed-in user (chikaosro@gmail.com)
[debug] [2026-08-13T05:37:06.346Z] <<< [apiv2][status] GET https://cloudbilling.googleapis.com/v1/projects/streek-dev/billingInfo 200
[debug] [2026-08-13T05:37:06.346Z] <<< [apiv2][body] GET https://cloudbilling.googleapis.com/v1/projects/streek-dev/billingInfo {"name":"projects/streek-dev/billingInfo","projectId":"streek-dev","billingAccountName":"","billingEnabled":false}
[debug] [2026-08-13T05:37:06.347Z] > command requires scopes: ["email","openid","https://www.googleapis.com/auth/cloudplatformprojects.readonly","https://www.googleapis.com/auth/firebase","https://www.googleapis.com/auth/cloud-platform"]
[debug] [2026-08-13T05:37:06.347Z] > authorizing via signed-in user (chikaosro@gmail.com)
[debug] [2026-08-14T02:42:31.025Z] > command requires scopes: ["email","openid","https://www.googleapis.com/auth/cloudplatformprojects.readonly","https://www.googleapis.com/auth/firebase","https://www.googleapis.com/auth/cloud-platform"]
[debug] [2026-08-14T02:42:31.025Z] > authorizing via signed-in user (chikaosro@gmail.com)
[debug] [2026-08-14T02:42:31.025Z] > command requires scopes: ["email","openid","https://www.googleapis.com/auth/cloudplatformprojects.readonly","https://www.googleapis.com/auth/firebase","https://www.googleapis.com/auth/cloud-platform"]
[debug] [2026-08-14T02:42:31.025Z] > authorizing via signed-in user (chikaosro@gmail.com)
[debug] [2026-08-14T02:42:31.026Z] Checked if tokens are valid: false, expires at: 1786645038704
[debug] [2026-08-14T02:42:31.026Z] Checked if tokens are valid: false, expires at: 1786645038704
[debug] [2026-08-14T02:42:31.026Z] > refreshing access token with scopes: []
[debug] [2026-08-14T02:42:31.026Z] >>> [apiv2][query] POST https://www.googleapis.com/oauth2/v3/token [none]
[debug] [2026-08-14T02:42:31.026Z] >>> [apiv2][body] POST https://www.googleapis.com/oauth2/v3/token [omitted]
[debug] [2026-08-14T02:42:31.027Z] Checked if tokens are valid: false, expires at: 1786645038704
[debug] [2026-08-14T02:42:31.027Z] Checked if tokens are valid: false, expires at: 1786645038704
[debug] [2026-08-14T02:42:31.027Z] > refreshing access token with scopes: []
[debug] [2026-08-14T02:42:31.027Z] >>> [apiv2][query] POST https://www.googleapis.com/oauth2/v3/token [none]
[debug] [2026-08-14T02:42:31.027Z] >>> [apiv2][body] POST https://www.googleapis.com/oauth2/v3/token [omitted]
[debug] [2026-08-14T02:42:31.027Z] > command requires scopes: ["email","openid","https://www.googleapis.com/auth/cloudplatformprojects.readonly","https://www.googleapis.com/auth/firebase","https://www.googleapis.com/auth/cloud-platform"]
[debug] [2026-08-14T02:42:31.027Z] > authorizing via signed-in user (chikaosro@gmail.com)
[debug] [2026-08-14T02:42:31.027Z] Checked if tokens are valid: false, expires at: 1786645038704
[debug] [2026-08-14T02:42:31.027Z] Checked if tokens are valid: false, expires at: 1786645038704
[debug] [2026-08-14T02:42:31.027Z] > refreshing access token with scopes: []
[debug] [2026-08-14T02:42:31.027Z] >>> [apiv2][query] POST https://www.googleapis.com/oauth2/v3/token [none]
[debug] [2026-08-14T02:42:31.027Z] >>> [apiv2][body] POST https://www.googleapis.com/oauth2/v3/token [omitted]
[debug] [2026-08-14T02:42:31.153Z] <<< [apiv2][status] POST https://www.googleapis.com/oauth2/v3/token 200
[debug] [2026-08-14T02:42:31.153Z] <<< [apiv2][body] POST https://www.googleapis.com/oauth2/v3/token [omitted]
[debug] [2026-08-14T02:42:31.184Z] >>> [apiv2][query] GET https://cloudbilling.googleapis.com/v1/projects/streek-dev/billingInfo [none]
[debug] [2026-08-14T02:42:31.185Z] <<< [apiv2][status] POST https://www.googleapis.com/oauth2/v3/token 200
[debug] [2026-08-14T02:42:31.185Z] <<< [apiv2][body] POST https://www.googleapis.com/oauth2/v3/token [omitted]
[debug] [2026-08-14T02:42:31.205Z] >>> [apiv2][query] GET https://cloudbilling.googleapis.com/v1/projects/streek-dev/billingInfo [none]
[debug] [2026-08-14T02:42:31.207Z] <<< [apiv2][status] POST https://www.googleapis.com/oauth2/v3/token 200
[debug] [2026-08-14T02:42:31.207Z] <<< [apiv2][body] POST https://www.googleapis.com/oauth2/v3/token [omitted]
[debug] [2026-08-14T02:42:31.218Z] >>> [apiv2][query] GET https://cloudbilling.googleapis.com/v1/projects/streek-dev/billingInfo [none]
[debug] [2026-08-14T02:42:31.358Z] <<< [apiv2][status] GET https://cloudbilling.googleapis.com/v1/projects/streek-dev/billingInfo 200
[debug] [2026-08-14T02:42:31.358Z] <<< [apiv2][body] GET https://cloudbilling.googleapis.com/v1/projects/streek-dev/billingInfo {"name":"projects/streek-dev/billingInfo","projectId":"streek-dev","billingAccountName":"","billingEnabled":false}
[debug] [2026-08-14T02:42:31.365Z] Checked if tokens are valid: true, expires at: 1786678950207
[debug] [2026-08-14T02:42:31.365Z] Checked if tokens are valid: true, expires at: 1786678950207
[debug] [2026-08-14T02:42:31.373Z] Checked if tokens are valid: true, expires at: 1786678950207
[debug] [2026-08-14T02:42:31.373Z] Checked if tokens are valid: true, expires at: 1786678950207
[debug] [2026-08-14T02:42:31.373Z] Checked if tokens are valid: true, expires at: 1786678950207
[debug] [2026-08-14T02:42:31.373Z] Checked if tokens are valid: true, expires at: 1786678950207
[debug] [2026-08-14T02:42:31.373Z] >>> [apiv2][query] GET https://serviceusage.googleapis.com/v1/projects/streek-dev/services/firestore.googleapis.com [none]
[debug] [2026-08-14T02:42:31.373Z] >>> [apiv2][(partial)header] GET https://serviceusage.googleapis.com/v1/projects/streek-dev/services/firestore.googleapis.com x-goog-quota-user=projects/streek-dev
[debug] [2026-08-14T02:42:31.374Z] >>> [apiv2][query] GET https://serviceusage.googleapis.com/v1/projects/streek-dev/services/firebaseapphosting.googleapis.com [none]
[debug] [2026-08-14T02:42:31.374Z] >>> [apiv2][(partial)header] GET https://serviceusage.googleapis.com/v1/projects/streek-dev/services/firebaseapphosting.googleapis.com x-goog-quota-user=projects/streek-dev
[debug] [2026-08-14T02:42:31.375Z] >>> [apiv2][query] GET https://serviceusage.googleapis.com/v1/projects/streek-dev/services/firebaseio.com [none]
[debug] [2026-08-14T02:42:31.375Z] >>> [apiv2][(partial)header] GET https://serviceusage.googleapis.com/v1/projects/streek-dev/services/firebaseio.com x-goog-quota-user=projects/streek-dev
[debug] [2026-08-14T02:42:31.383Z] <<< [apiv2][status] GET https://cloudbilling.googleapis.com/v1/projects/streek-dev/billingInfo 200
[debug] [2026-08-14T02:42:31.383Z] <<< [apiv2][body] GET https://cloudbilling.googleapis.com/v1/projects/streek-dev/billingInfo {"name":"projects/streek-dev/billingInfo","projectId":"streek-dev","billingAccountName":"","billingEnabled":false}
[debug] [2026-08-14T02:42:31.384Z] Checked if tokens are valid: true, expires at: 1786678950207
[debug] [2026-08-14T02:42:31.384Z] Checked if tokens are valid: true, expires at: 1786678950207
[debug] [2026-08-14T02:42:31.385Z] Checked if tokens are valid: true, expires at: 1786678950207
[debug] [2026-08-14T02:42:31.385Z] Checked if tokens are valid: true, expires at: 1786678950207
[debug] [2026-08-14T02:42:31.385Z] Checked if tokens are valid: true, expires at: 1786678950207
[debug] [2026-08-14T02:42:31.385Z] Checked if tokens are valid: true, expires at: 1786678950207
[debug] [2026-08-14T02:42:31.385Z] >>> [apiv2][query] GET https://serviceusage.googleapis.com/v1/projects/streek-dev/services/firestore.googleapis.com [none]
[debug] [2026-08-14T02:42:31.385Z] >>> [apiv2][(partial)header] GET https://serviceusage.googleapis.com/v1/projects/streek-dev/services/firestore.googleapis.com x-goog-quota-user=projects/streek-dev
[debug] [2026-08-14T02:42:31.386Z] >>> [apiv2][query] GET https://serviceusage.googleapis.com/v1/projects/streek-dev/services/firebaseapphosting.googleapis.com [none]
[debug] [2026-08-14T02:42:31.386Z] >>> [apiv2][(partial)header] GET https://serviceusage.googleapis.com/v1/projects/streek-dev/services/firebaseapphosting.googleapis.com x-goog-quota-user=projects/streek-dev
[debug] [2026-08-14T02:42:31.386Z] >>> [apiv2][query] GET https://serviceusage.googleapis.com/v1/projects/streek-dev/services/firebaseio.com [none]
[debug] [2026-08-14T02:42:31.386Z] >>> [apiv2][(partial)header] GET https://serviceusage.googleapis.com/v1/projects/streek-dev/services/firebaseio.com x-goog-quota-user=projects/streek-dev
[debug] [2026-08-14T02:42:31.433Z] <<< [apiv2][status] GET https://cloudbilling.googleapis.com/v1/projects/streek-dev/billingInfo 200
[debug] [2026-08-14T02:42:31.433Z] <<< [apiv2][body] GET https://cloudbilling.googleapis.com/v1/projects/streek-dev/billingInfo {"name":"projects/streek-dev/billingInfo","projectId":"streek-dev","billingAccountName":"","billingEnabled":false}
[debug] [2026-08-14T02:42:31.433Z] Checked if tokens are valid: true, expires at: 1786678950207
[debug] [2026-08-14T02:42:31.433Z] Checked if tokens are valid: true, expires at: 1786678950207
[debug] [2026-08-14T02:42:31.434Z] Checked if tokens are valid: true, expires at: 1786678950207
[debug] [2026-08-14T02:42:31.434Z] Checked if tokens are valid: true, expires at: 1786678950207
[debug] [2026-08-14T02:42:31.434Z] Checked if tokens are valid: true, expires at: 1786678950207
[debug] [2026-08-14T02:42:31.434Z] Checked if tokens are valid: true, expires at: 1786678950207
[debug] [2026-08-14T02:42:31.434Z] >>> [apiv2][query] GET https://serviceusage.googleapis.com/v1/projects/streek-dev/services/firestore.googleapis.com [none]
[debug] [2026-08-14T02:42:31.434Z] >>> [apiv2][(partial)header] GET https://serviceusage.googleapis.com/v1/projects/streek-dev/services/firestore.googleapis.com x-goog-quota-user=projects/streek-dev
[debug] [2026-08-14T02:42:31.434Z] >>> [apiv2][query] GET https://serviceusage.googleapis.com/v1/projects/streek-dev/services/firebaseapphosting.googleapis.com [none]
[debug] [2026-08-14T02:42:31.434Z] >>> [apiv2][(partial)header] GET https://serviceusage.googleapis.com/v1/projects/streek-dev/services/firebaseapphosting.googleapis.com x-goog-quota-user=projects/streek-dev
[debug] [2026-08-14T02:42:31.434Z] >>> [apiv2][query] GET https://serviceusage.googleapis.com/v1/projects/streek-dev/services/firebaseio.com [none]
[debug] [2026-08-14T02:42:31.434Z] >>> [apiv2][(partial)header] GET https://serviceusage.googleapis.com/v1/projects/streek-dev/services/firebaseio.com x-goog-quota-user=projects/streek-dev
[debug] [2026-08-14T02:42:31.583Z] <<< [apiv2][status] GET https://serviceusage.googleapis.com/v1/projects/streek-dev/services/firestore.googleapis.com 403
[debug] [2026-08-14T02:42:31.583Z] <<< [apiv2][body] GET https://serviceusage.googleapis.com/v1/projects/streek-dev/services/firestore.googleapis.com [omitted]
[debug] [2026-08-14T02:42:31.584Z] <<< [apiv2][status] GET https://serviceusage.googleapis.com/v1/projects/streek-dev/services/firebaseio.com 403
[debug] [2026-08-14T02:42:31.584Z] <<< [apiv2][body] GET https://serviceusage.googleapis.com/v1/projects/streek-dev/services/firebaseio.com [omitted]
[debug] [2026-08-14T02:42:31.592Z] <<< [apiv2][status] GET https://serviceusage.googleapis.com/v1/projects/streek-dev/services/firestore.googleapis.com 403
[debug] [2026-08-14T02:42:31.592Z] <<< [apiv2][body] GET https://serviceusage.googleapis.com/v1/projects/streek-dev/services/firestore.googleapis.com [omitted]
[debug] [2026-08-14T02:42:31.614Z] <<< [apiv2][status] GET https://serviceusage.googleapis.com/v1/projects/streek-dev/services/firebaseapphosting.googleapis.com 403
[debug] [2026-08-14T02:42:31.614Z] <<< [apiv2][body] GET https://serviceusage.googleapis.com/v1/projects/streek-dev/services/firebaseapphosting.googleapis.com [omitted]
[debug] [2026-08-14T02:42:31.615Z] <<< [apiv2][status] GET https://serviceusage.googleapis.com/v1/projects/streek-dev/services/firebaseio.com 403
[debug] [2026-08-14T02:42:31.615Z] <<< [apiv2][body] GET https://serviceusage.googleapis.com/v1/projects/streek-dev/services/firebaseio.com [omitted]
[debug] [2026-08-14T02:42:31.615Z] <<< [apiv2][status] GET https://serviceusage.googleapis.com/v1/projects/streek-dev/services/firebaseio.com 403
[debug] [2026-08-14T02:42:31.615Z] <<< [apiv2][body] GET https://serviceusage.googleapis.com/v1/projects/streek-dev/services/firebaseio.com [omitted]
[debug] [2026-08-14T02:42:31.616Z] <<< [apiv2][status] GET https://serviceusage.googleapis.com/v1/projects/streek-dev/services/firebaseapphosting.googleapis.com 403
[debug] [2026-08-14T02:42:31.616Z] <<< [apiv2][body] GET https://serviceusage.googleapis.com/v1/projects/streek-dev/services/firebaseapphosting.googleapis.com [omitted]
[debug] [2026-08-14T02:42:31.635Z] <<< [apiv2][status] GET https://serviceusage.googleapis.com/v1/projects/streek-dev/services/firebaseapphosting.googleapis.com 403
[debug] [2026-08-14T02:42:31.635Z] <<< [apiv2][body] GET https://serviceusage.googleapis.com/v1/projects/streek-dev/services/firebaseapphosting.googleapis.com [omitted]
[debug] [2026-08-14T02:42:31.639Z] <<< [apiv2][status] GET https://serviceusage.googleapis.com/v1/projects/streek-dev/services/firestore.googleapis.com 403
[debug] [2026-08-14T02:42:31.639Z] <<< [apiv2][body] GET https://serviceusage.googleapis.com/v1/projects/streek-dev/services/firestore.googleapis.com [omitted]
[debug] [2026-08-14T02:42:31.659Z] > command requires scopes: ["email","openid","https://www.googleapis.com/auth/cloudplatformprojects.readonly","https://www.googleapis.com/auth/firebase","https://www.googleapis.com/auth/cloud-platform"]
[debug] [2026-08-14T02:42:31.659Z] > authorizing via signed-in user (chikaosro@gmail.com)
[debug] [2026-08-14T02:42:31.659Z] Checked if tokens are valid: true, expires at: 1786678950207
[debug] [2026-08-14T02:42:31.659Z] Checked if tokens are valid: true, expires at: 1786678950207
[debug] [2026-08-14T02:42:31.659Z] >>> [apiv2][query] GET https://cloudbilling.googleapis.com/v1/projects/streek-dev/billingInfo [none]
[debug] [2026-08-14T02:42:31.673Z] > command requires scopes: ["email","openid","https://www.googleapis.com/auth/cloudplatformprojects.readonly","https://www.googleapis.com/auth/firebase","https://www.googleapis.com/auth/cloud-platform"]
[debug] [2026-08-14T02:42:31.673Z] > authorizing via signed-in user (chikaosro@gmail.com)
[debug] [2026-08-14T02:42:31.674Z] Checked if tokens are valid: true, expires at: 1786678950207
[debug] [2026-08-14T02:42:31.674Z] Checked if tokens are valid: true, expires at: 1786678950207
[debug] [2026-08-14T02:42:31.674Z] >>> [apiv2][query] GET https://cloudbilling.googleapis.com/v1/projects/streek-dev/billingInfo [none]
[debug] [2026-08-14T02:42:31.733Z] <<< [apiv2][status] GET https://cloudbilling.googleapis.com/v1/projects/streek-dev/billingInfo 200
[debug] [2026-08-14T02:42:31.734Z] <<< [apiv2][body] GET https://cloudbilling.googleapis.com/v1/projects/streek-dev/billingInfo {"name":"projects/streek-dev/billingInfo","projectId":"streek-dev","billingAccountName":"","billingEnabled":false}
[debug] [2026-08-14T02:42:31.735Z] > command requires scopes: ["email","openid","https://www.googleapis.com/auth/cloudplatformprojects.readonly","https://www.googleapis.com/auth/firebase","https://www.googleapis.com/auth/cloud-platform"]
[debug] [2026-08-14T02:42:31.735Z] > authorizing via signed-in user (chikaosro@gmail.com)
[debug] [2026-08-14T02:42:31.782Z] <<< [apiv2][status] GET https://cloudbilling.googleapis.com/v1/projects/streek-dev/billingInfo 200
[debug] [2026-08-14T02:42:31.782Z] <<< [apiv2][body] GET https://cloudbilling.googleapis.com/v1/projects/streek-dev/billingInfo {"name":"projects/streek-dev/billingInfo","projectId":"streek-dev","billingAccountName":"","billingEnabled":false}
[debug] [2026-08-14T02:42:31.784Z] > command requires scopes: ["email","openid","https://www.googleapis.com/auth/cloudplatformprojects.readonly","https://www.googleapis.com/auth/firebase","https://www.googleapis.com/auth/cloud-platform"]
[debug] [2026-08-14T02:42:31.784Z] > authorizing via signed-in user (chikaosro@gmail.com)
